
      [构造单 EXE]   3%   (写入 payload 数据段)
      [构造单 EXE]   4%   (写入 payload 数据段)
      [构造单 EXE]   5%   (写入 payload 数据段)
      [构造单 EXE]   6%   (写入 payload 数据段)
      [构造单 EXE]   7%   (写入 payload 数据段)
      [构造单 EXE]   8%   (写入 payload 数据段)
      [构造单 EXE]   9%   (写入 payload 数据段)
      [构造单 EXE]  10%   (写入 payload 数据段)
      [构造单 EXE]  11%   (写入 payload 数据段)
      [构造单 EXE]  12%   (写入 payload 数据段)
      [构造单 EXE]  13%   (写入 payload 数据段)
      [构造单 EXE]  14%   (写入 payload 数据段)
      [构造单 EXE]  15%   (写入 payload 数据段)
      [构造单 EXE]  16%   (写入 payload 数据段)
      [构造单 EXE]  17%   (写入 payload 数据段)
      [构造单 EXE]  18%   (写入 payload 数据段)
      [构造单 EXE]  19%   (写入 payload 数据段)
      [构造单 EXE]  20%   (写入 payload 数据段)
      [构造单 EXE]  21%   (写入 payload 数据段)
      [构造单 EXE]  22%   (写入 payload 数据段)
      [构造单 EXE]  23%   (写入 payload 数据段)
      [构造单 EXE]  24%   (写入 payload 数据段)
      [构造单 EXE]  25%   (写入 payload 数据段)
      [构造单 EXE]  26%   (写入 payload 数据段)
      [构造单 EXE]  27%   (写入 payload 数据段)
      [构造单 EXE]  28%   (写入 payload 数据段)
      [构造单 EXE]  29%   (写入 payload 数据段)
      [构造单 EXE]  30%   (写入 payload 数据段)
      [构造单 EXE]  31%   (写入 payload 数据段)
      [构造单 EXE]  32%   (写入 payload 数据段)
      [构造单 EXE]  33%   (写入 payload 数据段)
      [构造单 EXE]  34%   (写入 payload 数据段)
      [构造单 EXE]  35%   (写入 payload 数据段)
      [构造单 EXE]  36%   (写入 payload 数据段)
      [构造单 EXE]  37%   (写入 payload 数据段)
      [构造单 EXE]  38%   (写入 payload 数据段)
      [构造单 EXE]  39%   (写入 payload 数据段)
      [构造单 EXE]  40%   (写入 payload 数据段)
      [构造单 EXE]  41%   (写入 payload 数据段)
      [构造单 EXE]  42%   (写入 payload 数据段)
      [构造单 EXE]  43%   (写入 payload 数据段)
      [构造单 EXE]  44%   (写入 payload 数据段)
      [构造单 EXE]  45%   (写入 payload 数据段)
      [构造单 EXE]  46%   (写入 payload 数据段)
      [构造单 EXE]  47%   (写入 payload 数据段)
      [构造单 EXE]  48%   (写入 payload 数据段)
      [构造单 EXE]  49%   (写入 payload 数据段)
      [构造单 EXE]  50%   (写入 payload 数据段)
      [构造单 EXE]  51%   (写入 payload 数据段)
      [构造单 EXE]  52%   (写入 payload 数据段)
      [构造单 EXE]  53%   (写入 payload 数据段)
      [构造单 EXE]  54%   (写入 payload 数据段)
      [构造单 EXE]  55%   (写入 payload 数据段)
      [构造单 EXE]  56%   (写入 payload 数据段)
      [构造单 EXE]  57%   (写入 payload 数据段)
      [构造单 EXE]  58%   (写入 payload 数据段)
      [构造单 EXE]  59%   (写入 payload 数据段)
      [构造单 EXE]  60%   (写入 payload 数据段)
      [构造单 EXE]  61%   (写入 payload 数据段)
      [构造单 EXE]  62%   (写入 payload 数据段)
      [构造单 EXE]  63%   (写入 payload 数据段)
      [构造单 EXE]  64%   (写入 payload 数据段)
      [构造单 EXE]  65%   (写入 payload 数据段)
      [构造单 EXE]  66%   (写入 payload 数据段)
      [构造单 EXE]  67%   (写入 payload 数据段)
      [构造单 EXE]  68%   (写入 payload 数据段)
      [构造单 EXE]  69%   (写入 payload 数据段)
      [构造单 EXE]  70%   (写入 payload 数据段)
      [构造单 EXE]  71%   (写入 payload 数据段)
      [构造单 EXE]  72%   (写入 payload 数据段)
      [构造单 EXE]  73%   (写入 payload 数据段)
      [构造单 EXE]  74%   (写入 payload 数据段)
      [构造单 EXE]  75%   (写入 payload 数据段)
      [构造单 EXE]  76%   (写入 payload 数据段)
      [构造单 EXE]  77%   (写入 payload 数据段)
      [构造单 EXE]  78%   (写入 payload 数据段)
      [构造单 EXE]  79%   (写入 payload 数据段)
      [构造单 EXE]  80%   (写入 payload 数据段)
      [构造单 EXE]  81%   (写入 payload 数据段)
      [构造单 EXE]  82%   (写入 payload 数据段)
      [构造单 EXE]  83%   (写入 payload 数据段)
      [构造单 EXE]  84%   (写入 payload 数据段)
      [构造单 EXE]  85%   (写入 payload 数据段)
      [构造单 EXE]  86%   (写入 payload 数据段)
      [构造单 EXE]  87%   (写入 payload 数据段)
      [构造单 EXE]  88%   (写入 payload 数据段)
      [构造单 EXE]  89%   (写入 payload 数据段)
      [构造单 EXE]  90%   (写入 payload 数据段)
      [构造单 EXE]  92%   (写索引)
      [构造单 EXE]  98%   (写 FOOTER 签名)
      [构造单 EXE] 100%   (写 FOOTER 签名)
      [构造单 EXE] 完成 → KARLS LIGHT ACCESS Setup.exe   (1.52 GB / 1,628,089,026 字节)
      [构造单 EXE] 尾部签名验证：PASS (magic=KLAP)
